Archive member included to satisfy reference by file (symbol)

h:/atmel/7.0/toolchain/avr8/avr8-gnu-toolchain/bin/../lib/gcc/avr/5.4.0/avr25\libgcc.a(_exit.o)
                              H:/atmel/7.0/Packs/atmel/ATtiny_DFP/1.3.147/gcc/dev/attiny4313/avr25/crtattiny4313.o (exit)
h:/atmel/7.0/toolchain/avr8/avr8-gnu-toolchain/bin/../lib/gcc/avr/5.4.0/avr25\libgcc.a(_copy_data.o)
                              src/general/main.o (__do_copy_data)
h:/atmel/7.0/toolchain/avr8/avr8-gnu-toolchain/bin/../lib/gcc/avr/5.4.0/avr25\libgcc.a(_clear_bss.o)
                              src/drivers/display_driver.o (__do_clear_bss)

Discarded input sections

 .data          0x00000000        0x0 H:/atmel/7.0/Packs/atmel/ATtiny_DFP/1.3.147/gcc/dev/attiny4313/avr25/crtattiny4313.o
 .bss           0x00000000        0x0 H:/atmel/7.0/Packs/atmel/ATtiny_DFP/1.3.147/gcc/dev/attiny4313/avr25/crtattiny4313.o
 .text          0x00000000        0x0 src/drivers/display_driver.o
 .data          0x00000000        0x0 src/drivers/display_driver.o
 .bss           0x00000000        0x0 src/drivers/display_driver.o
 .text.gvDisplay_process
                0x00000000       0x62 src/drivers/display_driver.o
 .bss.subNumDigits.1720
                0x00000000        0x1 src/drivers/display_driver.o
 .bss.seState.1721
                0x00000000        0x1 src/drivers/display_driver.o
 .bss.subTimerMs.1719
                0x00000000        0x1 src/drivers/display_driver.o
 .debug_info    0x00000000      0x10e src/drivers/display_driver.o
 .debug_abbrev  0x00000000       0x98 src/drivers/display_driver.o
 .debug_loc     0x00000000       0x46 src/drivers/display_driver.o
 .debug_aranges
                0x00000000       0x20 src/drivers/display_driver.o
 .debug_ranges  0x00000000       0x10 src/drivers/display_driver.o
 .debug_line    0x00000000       0xfc src/drivers/display_driver.o
 .debug_str     0x00000000      0x205 src/drivers/display_driver.o
 .comment       0x00000000       0x31 src/drivers/display_driver.o
 .debug_frame   0x00000000       0x24 src/drivers/display_driver.o
 .text          0x00000000        0x0 src/general/main.o
 .data          0x00000000        0x0 src/general/main.o
 .bss           0x00000000        0x0 src/general/main.o
 .text          0x00000000        0x0 src/hal/AT4313/clock.o
 .data          0x00000000        0x0 src/hal/AT4313/clock.o
 .bss           0x00000000        0x0 src/hal/AT4313/clock.o
 .text          0x00000000        0x0 src/hal/AT4313/print.o
 .data          0x00000000        0x0 src/hal/AT4313/print.o
 .bss           0x00000000        0x0 src/hal/AT4313/print.o
 .text          0x00000000        0x0 src/hal/AT4313/timer.o
 .data          0x00000000        0x0 src/hal/AT4313/timer.o
 .bss           0x00000000        0x0 src/hal/AT4313/timer.o
 .text          0x00000000        0x0 src/hal/AT4313/tm1637.o
 .data          0x00000000        0x0 src/hal/AT4313/tm1637.o
 .bss           0x00000000        0x0 src/hal/AT4313/tm1637.o
 .text.TM1637_start
                0x00000000       0x10 src/hal/AT4313/tm1637.o
 .text.TM1637_stop
                0x00000000       0x22 src/hal/AT4313/tm1637.o
 .text.TM1637_write_byte
                0x00000000       0x6c src/hal/AT4313/tm1637.o
 .text.TM1637_configure
                0x00000000       0x20 src/hal/AT4313/tm1637.o
 .text.TM1637_display_segments
                0x00000000       0x26 src/hal/AT4313/tm1637.o
 .text.TM1637_display_digit
                0x00000000       0x28 src/hal/AT4313/tm1637.o
 .text.TM1637_display_colon
                0x00000000       0x24 src/hal/AT4313/tm1637.o
 .text.TM1637_clear
                0x00000000       0x1e src/hal/AT4313/tm1637.o
 .text.TM1637_init
                0x00000000       0x1a src/hal/AT4313/tm1637.o
 .text.TM1637_set_brightness
                0x00000000        0xa src/hal/AT4313/tm1637.o
 .text.TM1637_enable
                0x00000000       0x1e src/hal/AT4313/tm1637.o
 .bss._flags    0x00000000        0x1 src/hal/AT4313/tm1637.o
 .data._digit   0x00000000        0x1 src/hal/AT4313/tm1637.o
 .data._brightness
                0x00000000        0x1 src/hal/AT4313/tm1637.o
 .rodata._digit2segments
                0x00000000        0xa src/hal/AT4313/tm1637.o
 .debug_info    0x00000000      0x6bb src/hal/AT4313/tm1637.o
 .debug_abbrev  0x00000000      0x1ca src/hal/AT4313/tm1637.o
 .debug_loc     0x00000000      0x457 src/hal/AT4313/tm1637.o
 .debug_aranges
                0x00000000       0x70 src/hal/AT4313/tm1637.o
 .debug_ranges  0x00000000       0x60 src/hal/AT4313/tm1637.o
 .debug_line    0x00000000      0x3ab src/hal/AT4313/tm1637.o
 .debug_str     0x00000000      0x2ba src/hal/AT4313/tm1637.o
 .comment       0x00000000       0x31 src/hal/AT4313/tm1637.o
 .debug_frame   0x00000000       0xd8 src/hal/AT4313/tm1637.o
 .text          0x00000000        0x0 src/os/os_main.o
 .data          0x00000000        0x0 src/os/os_main.o
 .bss           0x00000000        0x0 src/os/os_main.o
 .text          0x00000000        0x0 src/os/tasks.o
 .data          0x00000000        0x0 src/os/tasks.o
 .bss           0x00000000        0x0 src/os/tasks.o
 .text          0x00000000        0x0 h:/atmel/7.0/toolchain/avr8/avr8-gnu-toolchain/bin/../lib/gcc/avr/5.4.0/avr25\libgcc.a(_exit.o)
 .data          0x00000000        0x0 h:/atmel/7.0/toolchain/avr8/avr8-gnu-toolchain/bin/../lib/gcc/avr/5.4.0/avr25\libgcc.a(_exit.o)
 .bss           0x00000000        0x0 h:/atmel/7.0/toolchain/avr8/avr8-gnu-toolchain/bin/../lib/gcc/avr/5.4.0/avr25\libgcc.a(_exit.o)
 .text.libgcc.mul
                0x00000000        0x0 h:/atmel/7.0/toolchain/avr8/avr8-gnu-toolchain/bin/../lib/gcc/avr/5.4.0/avr25\libgcc.a(_exit.o)
 .text.libgcc.div
                0x00000000        0x0 h:/atmel/7.0/toolchain/avr8/avr8-gnu-toolchain/bin/../lib/gcc/avr/5.4.0/avr25\libgcc.a(_exit.o)
 .text.libgcc   0x00000000        0x0 h:/atmel/7.0/toolchain/avr8/avr8-gnu-toolchain/bin/../lib/gcc/avr/5.4.0/avr25\libgcc.a(_exit.o)
 .text.libgcc.prologue
                0x00000000        0x0 h:/atmel/7.0/toolchain/avr8/avr8-gnu-toolchain/bin/../lib/gcc/avr/5.4.0/avr25\libgcc.a(_exit.o)
 .text.libgcc.builtins
                0x00000000        0x0 h:/atmel/7.0/toolchain/avr8/avr8-gnu-toolchain/bin/../lib/gcc/avr/5.4.0/avr25\libgcc.a(_exit.o)
 .text.libgcc.fmul
                0x00000000        0x0 h:/atmel/7.0/toolchain/avr8/avr8-gnu-toolchain/bin/../lib/gcc/avr/5.4.0/avr25\libgcc.a(_exit.o)
 .text.libgcc.fixed
                0x00000000        0x0 h:/atmel/7.0/toolchain/avr8/avr8-gnu-toolchain/bin/../lib/gcc/avr/5.4.0/avr25\libgcc.a(_exit.o)
 .text          0x00000000        0x0 h:/atmel/7.0/toolchain/avr8/avr8-gnu-toolchain/bin/../lib/gcc/avr/5.4.0/avr25\libgcc.a(_copy_data.o)
 .data          0x00000000        0x0 h:/atmel/7.0/toolchain/avr8/avr8-gnu-toolchain/bin/../lib/gcc/avr/5.4.0/avr25\libgcc.a(_copy_data.o)
 .bss           0x00000000        0x0 h:/atmel/7.0/toolchain/avr8/avr8-gnu-toolchain/bin/../lib/gcc/avr/5.4.0/avr25\libgcc.a(_copy_data.o)
 .text.libgcc.mul
                0x00000000        0x0 h:/atmel/7.0/toolchain/avr8/avr8-gnu-toolchain/bin/../lib/gcc/avr/5.4.0/avr25\libgcc.a(_copy_data.o)
 .text.libgcc.div
                0x00000000        0x0 h:/atmel/7.0/toolchain/avr8/avr8-gnu-toolchain/bin/../lib/gcc/avr/5.4.0/avr25\libgcc.a(_copy_data.o)
 .text.libgcc   0x00000000        0x0 h:/atmel/7.0/toolchain/avr8/avr8-gnu-toolchain/bin/../lib/gcc/avr/5.4.0/avr25\libgcc.a(_copy_data.o)
 .text.libgcc.prologue
                0x00000000        0x0 h:/atmel/7.0/toolchain/avr8/avr8-gnu-toolchain/bin/../lib/gcc/avr/5.4.0/avr25\libgcc.a(_copy_data.o)
 .text.libgcc.builtins
                0x00000000        0x0 h:/atmel/7.0/toolchain/avr8/avr8-gnu-toolchain/bin/../lib/gcc/avr/5.4.0/avr25\libgcc.a(_copy_data.o)
 .text.libgcc.fmul
                0x00000000        0x0 h:/atmel/7.0/toolchain/avr8/avr8-gnu-toolchain/bin/../lib/gcc/avr/5.4.0/avr25\libgcc.a(_copy_data.o)
 .text.libgcc.fixed
                0x00000000        0x0 h:/atmel/7.0/toolchain/avr8/avr8-gnu-toolchain/bin/../lib/gcc/avr/5.4.0/avr25\libgcc.a(_copy_data.o)
 .text          0x00000000        0x0 h:/atmel/7.0/toolchain/avr8/avr8-gnu-toolchain/bin/../lib/gcc/avr/5.4.0/avr25\libgcc.a(_clear_bss.o)
 .data          0x00000000        0x0 h:/atmel/7.0/toolchain/avr8/avr8-gnu-toolchain/bin/../lib/gcc/avr/5.4.0/avr25\libgcc.a(_clear_bss.o)
 .bss           0x00000000        0x0 h:/atmel/7.0/toolchain/avr8/avr8-gnu-toolchain/bin/../lib/gcc/avr/5.4.0/avr25\libgcc.a(_clear_bss.o)
 .text.libgcc.mul
                0x00000000        0x0 h:/atmel/7.0/toolchain/avr8/avr8-gnu-toolchain/bin/../lib/gcc/avr/5.4.0/avr25\libgcc.a(_clear_bss.o)
 .text.libgcc.div
                0x00000000        0x0 h:/atmel/7.0/toolchain/avr8/avr8-gnu-toolchain/bin/../lib/gcc/avr/5.4.0/avr25\libgcc.a(_clear_bss.o)
 .text.libgcc   0x00000000        0x0 h:/atmel/7.0/toolchain/avr8/avr8-gnu-toolchain/bin/../lib/gcc/avr/5.4.0/avr25\libgcc.a(_clear_bss.o)
 .text.libgcc.prologue
                0x00000000        0x0 h:/atmel/7.0/toolchain/avr8/avr8-gnu-toolchain/bin/../lib/gcc/avr/5.4.0/avr25\libgcc.a(_clear_bss.o)
 .text.libgcc.builtins
                0x00000000        0x0 h:/atmel/7.0/toolchain/avr8/avr8-gnu-toolchain/bin/../lib/gcc/avr/5.4.0/avr25\libgcc.a(_clear_bss.o)
 .text.libgcc.fmul
                0x00000000        0x0 h:/atmel/7.0/toolchain/avr8/avr8-gnu-toolchain/bin/../lib/gcc/avr/5.4.0/avr25\libgcc.a(_clear_bss.o)
 .text.libgcc.fixed
                0x00000000        0x0 h:/atmel/7.0/toolchain/avr8/avr8-gnu-toolchain/bin/../lib/gcc/avr/5.4.0/avr25\libgcc.a(_clear_bss.o)

Memory Configuration

Name             Origin             Length             Attributes
text             0x00000000         0x00002000         xr
data             0x00800060         0x0000ffa0         rw !x
eeprom           0x00810000         0x00010000         rw !x
fuse             0x00820000         0x00000003         rw !x
lock             0x00830000         0x00000400         rw !x
signature        0x00840000         0x00000400         rw !x
user_signatures  0x00850000         0x00000400         rw !x
*default*        0x00000000         0xffffffff

Linker script and memory map

LOAD H:/atmel/7.0/Packs/atmel/ATtiny_DFP/1.3.147/gcc/dev/attiny4313/avr25/crtattiny4313.o
LOAD src/drivers/display_driver.o
LOAD src/general/main.o
LOAD src/hal/AT4313/clock.o
LOAD src/hal/AT4313/print.o
LOAD src/hal/AT4313/timer.o
LOAD src/hal/AT4313/tm1637.o
LOAD src/os/os_main.o
LOAD src/os/tasks.o
START GROUP
LOAD h:/atmel/7.0/toolchain/avr8/avr8-gnu-toolchain/bin/../lib/gcc/avr/5.4.0/../../../../avr/lib/avr25\libm.a
END GROUP
START GROUP
LOAD h:/atmel/7.0/toolchain/avr8/avr8-gnu-toolchain/bin/../lib/gcc/avr/5.4.0/avr25\libgcc.a
LOAD h:/atmel/7.0/toolchain/avr8/avr8-gnu-toolchain/bin/../lib/gcc/avr/5.4.0/../../../../avr/lib/avr25\libm.a
LOAD h:/atmel/7.0/toolchain/avr8/avr8-gnu-toolchain/bin/../lib/gcc/avr/5.4.0/../../../../avr/lib/avr25\libc.a
LOAD H:/atmel/7.0/Packs/atmel/ATtiny_DFP/1.3.147/gcc/dev/attiny4313/avr25\libattiny4313.a
END GROUP
                0x00002000                __TEXT_REGION_LENGTH__ = DEFINED (__TEXT_REGION_LENGTH__)?__TEXT_REGION_LENGTH__:0x2000
                0x0000ffa0                __DATA_REGION_LENGTH__ = DEFINED (__DATA_REGION_LENGTH__)?__DATA_REGION_LENGTH__:0xffa0
                0x00010000                __EEPROM_REGION_LENGTH__ = DEFINED (__EEPROM_REGION_LENGTH__)?__EEPROM_REGION_LENGTH__:0x10000
                [0x00000003]                __FUSE_REGION_LENGTH__ = DEFINED (__FUSE_REGION_LENGTH__)?__FUSE_REGION_LENGTH__:0x400
                0x00000400                __LOCK_REGION_LENGTH__ = DEFINED (__LOCK_REGION_LENGTH__)?__LOCK_REGION_LENGTH__:0x400
                0x00000400                __SIGNATURE_REGION_LENGTH__ = DEFINED (__SIGNATURE_REGION_LENGTH__)?__SIGNATURE_REGION_LENGTH__:0x400
                0x00000400                __USER_SIGNATURE_REGION_LENGTH__ = DEFINED (__USER_SIGNATURE_REGION_LENGTH__)?__USER_SIGNATURE_REGION_LENGTH__:0x400

.hash
 *(.hash)

.dynsym
 *(.dynsym)

.dynstr
 *(.dynstr)

.gnu.version
 *(.gnu.version)

.gnu.version_d
 *(.gnu.version_d)

.gnu.version_r
 *(.gnu.version_r)

.rel.init
 *(.rel.init)

.rela.init
 *(.rela.init)

.rel.text
 *(.rel.text)
 *(.rel.text.*)
 *(.rel.gnu.linkonce.t*)

.rela.text
 *(.rela.text)
 *(.rela.text.*)
 *(.rela.gnu.linkonce.t*)

.rel.fini
 *(.rel.fini)

.rela.fini
 *(.rela.fini)

.rel.rodata
 *(.rel.rodata)
 *(.rel.rodata.*)
 *(.rel.gnu.linkonce.r*)

.rela.rodata
 *(.rela.rodata)
 *(.rela.rodata.*)
 *(.rela.gnu.linkonce.r*)

.rel.data
 *(.rel.data)
 *(.rel.data.*)
 *(.rel.gnu.linkonce.d*)

.rela.data
 *(.rela.data)
 *(.rela.data.*)
 *(.rela.gnu.linkonce.d*)

.rel.ctors
 *(.rel.ctors)

.rela.ctors
 *(.rela.ctors)

.rel.dtors
 *(.rel.dtors)

.rela.dtors
 *(.rela.dtors)

.rel.got
 *(.rel.got)

.rela.got
 *(.rela.got)

.rel.bss
 *(.rel.bss)

.rela.bss
 *(.rela.bss)

.rel.plt
 *(.rel.plt)

.rela.plt
 *(.rela.plt)

.text           0x00000000      0x13a
 *(.vectors)
 .vectors       0x00000000       0x2a H:/atmel/7.0/Packs/atmel/ATtiny_DFP/1.3.147/gcc/dev/attiny4313/avr25/crtattiny4313.o
                0x00000000                __vector_default
                0x00000000                __vectors
 *(.vectors)
 *(.progmem.gcc*)
                0x0000002a                . = ALIGN (0x2)
                0x0000002a                __trampolines_start = .
 *(.trampolines)
 .trampolines   0x0000002a        0x0 linker stubs
 *(.trampolines*)
                0x0000002a                __trampolines_end = .
 *libprintf_flt.a:*(.progmem.data)
 *libc.a:*(.progmem.data)
 *(.progmem*)
                0x0000002a                . = ALIGN (0x2)
 *(.jumptables)
 *(.jumptables*)
 *(.lowtext)
 *(.lowtext*)
                0x0000002a                __ctors_start = .
 *(.ctors)
                0x0000002a                __ctors_end = .
                0x0000002a                __dtors_start = .
 *(.dtors)
                0x0000002a                __dtors_end = .
 SORT(*)(.ctors)
 SORT(*)(.dtors)
 *(.init0)
 .init0         0x0000002a        0x0 H:/atmel/7.0/Packs/atmel/ATtiny_DFP/1.3.147/gcc/dev/attiny4313/avr25/crtattiny4313.o
                0x0000002a                __init
 *(.init0)
 *(.init1)
 *(.init1)
 *(.init2)
 .init2         0x0000002a        0xc H:/atmel/7.0/Packs/atmel/ATtiny_DFP/1.3.147/gcc/dev/attiny4313/avr25/crtattiny4313.o
 *(.init2)
 *(.init3)
 *(.init3)
 *(.init4)
 .init4         0x00000036       0x16 h:/atmel/7.0/toolchain/avr8/avr8-gnu-toolchain/bin/../lib/gcc/avr/5.4.0/avr25\libgcc.a(_copy_data.o)
                0x00000036                __do_copy_data
 .init4         0x0000004c       0x10 h:/atmel/7.0/toolchain/avr8/avr8-gnu-toolchain/bin/../lib/gcc/avr/5.4.0/avr25\libgcc.a(_clear_bss.o)
                0x0000004c                __do_clear_bss
 *(.init4)
 *(.init5)
 *(.init5)
 *(.init6)
 *(.init6)
 *(.init7)
 *(.init7)
 *(.init8)
 *(.init8)
 *(.init9)
 .init9         0x0000005c        0x4 H:/atmel/7.0/Packs/atmel/ATtiny_DFP/1.3.147/gcc/dev/attiny4313/avr25/crtattiny4313.o
 *(.init9)
 *(.text)
 .text          0x00000060        0x2 H:/atmel/7.0/Packs/atmel/ATtiny_DFP/1.3.147/gcc/dev/attiny4313/avr25/crtattiny4313.o
                0x00000060                __vector_1
                0x00000060                __vector_12
                0x00000060                __bad_interrupt
                0x00000060                __vector_6
                0x00000060                __vector_3
                0x00000060                __vector_11
                0x00000060                __vector_13
                0x00000060                __vector_17
                0x00000060                __vector_19
                0x00000060                __vector_7
                0x00000060                __vector_5
                0x00000060                __vector_4
                0x00000060                __vector_9
                0x00000060                __vector_2
                0x00000060                __vector_15
                0x00000060                __vector_8
                0x00000060                __vector_14
                0x00000060                __vector_10
                0x00000060                __vector_16
                0x00000060                __vector_18
                0x00000060                __vector_20
                0x00000062                . = ALIGN (0x2)
 *(.text.*)
 .text.main     0x00000062       0x16 src/general/main.o
                0x00000062                main
 .text.gvClock_init
                0x00000078        0xa src/hal/AT4313/clock.o
                0x00000078                gvClock_init
 .text.gvPrint  0x00000082        0x2 src/hal/AT4313/print.o
                0x00000082                gvPrint
 .text.gvTimer_sleepMs
                0x00000084        0x2 src/hal/AT4313/timer.o
                0x00000084                gvTimer_sleepMs
 .text.gvOS_enter
                0x00000086       0x82 src/os/os_main.o
                0x00000086                gvOS_enter
 .text.gvPrinter_Body
                0x00000108       0x2e src/os/tasks.o
                0x00000108                gvPrinter_Body
                0x00000136                . = ALIGN (0x2)
 *(.fini9)
 .fini9         0x00000136        0x0 h:/atmel/7.0/toolchain/avr8/avr8-gnu-toolchain/bin/../lib/gcc/avr/5.4.0/avr25\libgcc.a(_exit.o)
                0x00000136                _exit
                0x00000136                exit
 *(.fini9)
 *(.fini8)
 *(.fini8)
 *(.fini7)
 *(.fini7)
 *(.fini6)
 *(.fini6)
 *(.fini5)
 *(.fini5)
 *(.fini4)
 *(.fini4)
 *(.fini3)
 *(.fini3)
 *(.fini2)
 *(.fini2)
 *(.fini1)
 *(.fini1)
 *(.fini0)
 .fini0         0x00000136        0x4 h:/atmel/7.0/toolchain/avr8/avr8-gnu-toolchain/bin/../lib/gcc/avr/5.4.0/avr25\libgcc.a(_exit.o)
 *(.fini0)
                0x0000013a                _etext = .

.data           0x00800060       0x28 load address 0x0000013a
                0x00800060                PROVIDE (__data_start, .)
 *(.data)
 *(.data*)
 *(.gnu.linkonce.d*)
 *(.rodata)
 *(.rodata*)
 .rodata.str1.1
                0x00800060       0x1e src/general/main.o
 .rodata.str1.1
                0x0080007e        0x9 src/os/tasks.o
 *(.gnu.linkonce.r*)
                0x00800088                . = ALIGN (0x2)
 *fill*         0x00800087        0x1 
                0x00800088                _edata = .
                0x00800088                PROVIDE (__data_end, .)

.bss            0x00800088       0x12
                0x00800088                PROVIDE (__bss_start, .)
 *(.bss)
 *(.bss*)
 .bss.xTaskPool
                0x00800088       0x10 src/os/os_main.o
 .bss.suwTimerMs.1603
                0x00800098        0x2 src/os/tasks.o
 *(COMMON)
                0x0080009a                PROVIDE (__bss_end, .)
                0x0000013a                __data_load_start = LOADADDR (.data)
                0x00000162                __data_load_end = (__data_load_start + SIZEOF (.data))

.noinit         0x0080009a        0x0
                [!provide]                PROVIDE (__noinit_start, .)
 *(.noinit*)
                [!provide]                PROVIDE (__noinit_end, .)
                0x0080009a                _end = .
                [!provide]                PROVIDE (__heap_start, .)

.eeprom         0x00810000        0x0
 *(.eeprom*)
                0x00810000                __eeprom_end = .

.fuse
 *(.fuse)
 *(.lfuse)
 *(.hfuse)
 *(.efuse)

.lock
 *(.lock*)

.signature
 *(.signature*)

.user_signatures
 *(.user_signatures*)

.stab
 *(.stab)

.stabstr
 *(.stabstr)

.stab.excl
 *(.stab.excl)

.stab.exclstr
 *(.stab.exclstr)

.stab.index
 *(.stab.index)

.stab.indexstr
 *(.stab.indexstr)

.comment        0x00000000       0x30
 *(.comment)
 .comment       0x00000000       0x30 src/general/main.o
                                 0x31 (size before relaxing)
 .comment       0x00000030       0x31 src/hal/AT4313/clock.o
 .comment       0x00000030       0x31 src/hal/AT4313/print.o
 .comment       0x00000030       0x31 src/hal/AT4313/timer.o
 .comment       0x00000030       0x31 src/os/os_main.o
 .comment       0x00000030       0x31 src/os/tasks.o

.note.gnu.avr.deviceinfo
                0x00000000       0x40
 .note.gnu.avr.deviceinfo
                0x00000000       0x40 H:/atmel/7.0/Packs/atmel/ATtiny_DFP/1.3.147/gcc/dev/attiny4313/avr25/crtattiny4313.o

.note.gnu.build-id
 *(.note.gnu.build-id)

.debug
 *(.debug)

.line
 *(.line)

.debug_srcinfo
 *(.debug_srcinfo)

.debug_sfnames
 *(.debug_sfnames)

.debug_aranges  0x00000000       0xc0
 *(.debug_aranges)
 .debug_aranges
                0x00000000       0x20 src/general/main.o
 .debug_aranges
                0x00000020       0x20 src/hal/AT4313/clock.o
 .debug_aranges
                0x00000040       0x20 src/hal/AT4313/print.o
 .debug_aranges
                0x00000060       0x20 src/hal/AT4313/timer.o
 .debug_aranges
                0x00000080       0x20 src/os/os_main.o
 .debug_aranges
                0x000000a0       0x20 src/os/tasks.o

.debug_pubnames
 *(.debug_pubnames)

.debug_info     0x00000000      0x947
 *(.debug_info .gnu.linkonce.wi.*)
 .debug_info    0x00000000      0x456 H:/atmel/7.0/Packs/atmel/ATtiny_DFP/1.3.147/gcc/dev/attiny4313/avr25/crtattiny4313.o
 .debug_info    0x00000456      0x116 src/general/main.o
 .debug_info    0x0000056c       0x83 src/hal/AT4313/clock.o
 .debug_info    0x000005ef       0x64 src/hal/AT4313/print.o
 .debug_info    0x00000653       0x96 src/hal/AT4313/timer.o
 .debug_info    0x000006e9      0x191 src/os/os_main.o
 .debug_info    0x0000087a       0xcd src/os/tasks.o

.debug_abbrev   0x00000000      0x794
 *(.debug_abbrev)
 .debug_abbrev  0x00000000      0x41b H:/atmel/7.0/Packs/atmel/ATtiny_DFP/1.3.147/gcc/dev/attiny4313/avr25/crtattiny4313.o
 .debug_abbrev  0x0000041b       0xb6 src/general/main.o
 .debug_abbrev  0x000004d1       0x51 src/hal/AT4313/clock.o
 .debug_abbrev  0x00000522       0x53 src/hal/AT4313/print.o
 .debug_abbrev  0x00000575       0x60 src/hal/AT4313/timer.o
 .debug_abbrev  0x000005d5      0x125 src/os/os_main.o
 .debug_abbrev  0x000006fa       0x9a src/os/tasks.o

.debug_line     0x00000000      0x53c
 *(.debug_line .debug_line.* .debug_line_end)
 .debug_line    0x00000000      0x115 H:/atmel/7.0/Packs/atmel/ATtiny_DFP/1.3.147/gcc/dev/attiny4313/avr25/crtattiny4313.o
 .debug_line    0x00000115       0xe7 src/general/main.o
 .debug_line    0x000001fc       0x9a src/hal/AT4313/clock.o
 .debug_line    0x00000296       0x47 src/hal/AT4313/print.o
 .debug_line    0x000002dd       0x8e src/hal/AT4313/timer.o
 .debug_line    0x0000036b      0x110 src/os/os_main.o
 .debug_line    0x0000047b       0xc1 src/os/tasks.o

.debug_frame    0x00000000       0xd8
 *(.debug_frame)
 .debug_frame   0x00000000       0x24 src/general/main.o
 .debug_frame   0x00000024       0x24 src/hal/AT4313/clock.o
 .debug_frame   0x00000048       0x24 src/hal/AT4313/print.o
 .debug_frame   0x0000006c       0x24 src/hal/AT4313/timer.o
 .debug_frame   0x00000090       0x24 src/os/os_main.o
 .debug_frame   0x000000b4       0x24 src/os/tasks.o

.debug_str      0x00000000      0x427
 *(.debug_str)
 .debug_str     0x00000000      0x17a H:/atmel/7.0/Packs/atmel/ATtiny_DFP/1.3.147/gcc/dev/attiny4313/avr25/crtattiny4313.o
 .debug_str     0x0000017a      0x13d src/general/main.o
                                0x179 (size before relaxing)
 .debug_str     0x000002b7       0x22 src/hal/AT4313/clock.o
                                0x157 (size before relaxing)
 .debug_str     0x000002d9       0x24 src/hal/AT4313/print.o
                                 0xf2 (size before relaxing)
 .debug_str     0x000002fd       0x3c src/hal/AT4313/timer.o
                                0x164 (size before relaxing)
 .debug_str     0x00000339       0xb5 src/os/os_main.o
                                0x201 (size before relaxing)
 .debug_str     0x000003ee       0x39 src/os/tasks.o
                                0x172 (size before relaxing)

.debug_loc      0x00000000       0x46
 *(.debug_loc)
 .debug_loc     0x00000000       0x20 src/os/os_main.o
 .debug_loc     0x00000020       0x26 src/os/tasks.o

.debug_macinfo
 *(.debug_macinfo)

.debug_weaknames
 *(.debug_weaknames)

.debug_funcnames
 *(.debug_funcnames)

.debug_typenames
 *(.debug_typenames)

.debug_varnames
 *(.debug_varnames)

.debug_pubtypes
 *(.debug_pubtypes)

.debug_ranges   0x00000000       0x60
 *(.debug_ranges)
 .debug_ranges  0x00000000       0x10 src/general/main.o
 .debug_ranges  0x00000010       0x10 src/hal/AT4313/clock.o
 .debug_ranges  0x00000020       0x10 src/hal/AT4313/print.o
 .debug_ranges  0x00000030       0x10 src/hal/AT4313/timer.o
 .debug_ranges  0x00000040       0x10 src/os/os_main.o
 .debug_ranges  0x00000050       0x10 src/os/tasks.o

.debug_macro
 *(.debug_macro)
OUTPUT(NerfAVR.elf elf32-avr)
LOAD linker stubs
